Archive member included to satisfy reference by file (symbol)

/home/james/st/stm32cubeide_2.0.0/plugins/com.st.stm32cube.ide.mcu.externaltools.gnu-tools-for-stm32.13.3.rel1.linux64_1.0.100.202509120712/tools/bin/../lib/gcc/arm-none-eabi/13.3.1/../../../../arm-none-eabi/lib/thumb/v7e-m+fp/hard/libc_nano.a(libc_a-exit.o)
                              /home/james/st/stm32cubeide_2.0.0/plugins/com.st.stm32cube.ide.mcu.externaltools.gnu-tools-for-stm32.13.3.rel1.linux64_1.0.100.202509120712/tools/bin/../lib/gcc/arm-none-eabi/13.3.1/../../../../arm-none-eabi/lib/thumb/v7e-m+fp/hard/crt0.o (exit)
/home/james/st/stm32cubeide_2.0.0/plugins/com.st.stm32cube.ide.mcu.externaltools.gnu-tools-for-stm32.13.3.rel1.linux64_1.0.100.202509120712/tools/bin/../lib/gcc/arm-none-eabi/13.3.1/../../../../arm-none-eabi/lib/thumb/v7e-m+fp/hard/libc_nano.a(libc_a-findfp.o)
                              /home/james/st/stm32cubeide_2.0.0/plugins/com.st.stm32cube.ide.mcu.externaltools.gnu-tools-for-stm32.13.3.rel1.linux64_1.0.100.202509120712/tools/bin/../lib/gcc/arm-none-eabi/13.3.1/../../../../arm-none-eabi/lib/thumb/v7e-m+fp/hard/libc_nano.a(libc_a-exit.o) (__stdio_exit_handler)
/home/james/st/stm32cubeide_2.0.0/plugins/com.st.stm32cube.ide.mcu.externaltools.gnu-tools-for-stm32.13.3.rel1.linux64_1.0.100.202509120712/tools/bin/../lib/gcc/arm-none-eabi/13.3.1/../../../../arm-none-eabi/lib/thumb/v7e-m+fp/hard/libc_nano.a(libc_a-fwalk.o)
                              /home/james/st/stm32cubeide_2.0.0/plugins/com.st.stm32cube.ide.mcu.externaltools.gnu-tools-for-stm32.13.3.rel1.linux64_1.0.100.202509120712/tools/bin/../lib/gcc/arm-none-eabi/13.3.1/../../../../arm-none-eabi/lib/thumb/v7e-m+fp/hard/libc_nano.a(libc_a-findfp.o) (_fwalk_sglue)
/home/james/st/stm32cubeide_2.0.0/plugins/com.st.stm32cube.ide.mcu.externaltools.gnu-tools-for-stm32.13.3.rel1.linux64_1.0.100.202509120712/tools/bin/../lib/gcc/arm-none-eabi/13.3.1/../../../../arm-none-eabi/lib/thumb/v7e-m+fp/hard/libc_nano.a(libc_a-stdio.o)
                              /home/james/st/stm32cubeide_2.0.0/plugins/com.st.stm32cube.ide.mcu.externaltools.gnu-tools-for-stm32.13.3.rel1.linux64_1.0.100.202509120712/tools/bin/../lib/gcc/arm-none-eabi/13.3.1/../../../../arm-none-eabi/lib/thumb/v7e-m+fp/hard/libc_nano.a(libc_a-findfp.o) (__sread)
/home/james/st/stm32cubeide_2.0.0/plugins/com.st.stm32cube.ide.mcu.externaltools.gnu-tools-for-stm32.13.3.rel1.linux64_1.0.100.202509120712/tools/bin/../lib/gcc/arm-none-eabi/13.3.1/../../../../arm-none-eabi/lib/thumb/v7e-m+fp/hard/libc_nano.a(libc_a-memset.o)
                              /home/james/st/stm32cubeide_2.0.0/plugins/com.st.stm32cube.ide.mcu.externaltools.gnu-tools-for-stm32.13.3.rel1.linux64_1.0.100.202509120712/tools/bin/../lib/gcc/arm-none-eabi/13.3.1/../../../../arm-none-eabi/lib/thumb/v7e-m+fp/hard/crt0.o (memset)
/home/james/st/stm32cubeide_2.0.0/plugins/com.st.stm32cube.ide.mcu.externaltools.gnu-tools-for-stm32.13.3.rel1.linux64_1.0.100.202509120712/tools/bin/../lib/gcc/arm-none-eabi/13.3.1/../../../../arm-none-eabi/lib/thumb/v7e-m+fp/hard/libc_nano.a(libc_a-closer.o)
                              /home/james/st/stm32cubeide_2.0.0/plugins/com.st.stm32cube.ide.mcu.externaltools.gnu-tools-for-stm32.13.3.rel1.linux64_1.0.100.202509120712/tools/bin/../lib/gcc/arm-none-eabi/13.3.1/../../../../arm-none-eabi/lib/thumb/v7e-m+fp/hard/libc_nano.a(libc_a-stdio.o) (_close_r)
/home/james/st/stm32cubeide_2.0.0/plugins/com.st.stm32cube.ide.mcu.externaltools.gnu-tools-for-stm32.13.3.rel1.linux64_1.0.100.202509120712/tools/bin/../lib/gcc/arm-none-eabi/13.3.1/../../../../arm-none-eabi/lib/thumb/v7e-m+fp/hard/libc_nano.a(libc_a-reent.o)
                              /home/james/st/stm32cubeide_2.0.0/plugins/com.st.stm32cube.ide.mcu.externaltools.gnu-tools-for-stm32.13.3.rel1.linux64_1.0.100.202509120712/tools/bin/../lib/gcc/arm-none-eabi/13.3.1/../../../../arm-none-eabi/lib/thumb/v7e-m+fp/hard/libc_nano.a(libc_a-closer.o) (errno)
/home/james/st/stm32cubeide_2.0.0/plugins/com.st.stm32cube.ide.mcu.externaltools.gnu-tools-for-stm32.13.3.rel1.linux64_1.0.100.202509120712/tools/bin/../lib/gcc/arm-none-eabi/13.3.1/../../../../arm-none-eabi/lib/thumb/v7e-m+fp/hard/libc_nano.a(libc_a-impure.o)
                              /home/james/st/stm32cubeide_2.0.0/plugins/com.st.stm32cube.ide.mcu.externaltools.gnu-tools-for-stm32.13.3.rel1.linux64_1.0.100.202509120712/tools/bin/../lib/gcc/arm-none-eabi/13.3.1/../../../../arm-none-eabi/lib/thumb/v7e-m+fp/hard/libc_nano.a(libc_a-reent.o) (_impure_ptr)
/home/james/st/stm32cubeide_2.0.0/plugins/com.st.stm32cube.ide.mcu.externaltools.gnu-tools-for-stm32.13.3.rel1.linux64_1.0.100.202509120712/tools/bin/../lib/gcc/arm-none-eabi/13.3.1/../../../../arm-none-eabi/lib/thumb/v7e-m+fp/hard/libc_nano.a(libc_a-lseekr.o)
[...]
Memory Configuration

Name             Origin             Length             Attributes
RAM              0x20000000         0x00018000         xrw
FLASH            0x08000000         0x00080000         xr
*default*        0x00000000         0xffffffff

Linker script and memory map

LOAD /home/james/st/stm32cubeide_2.0.0/plugins/com.st.stm32cube.ide.mcu.externaltools.gnu-tools-for-stm32.13.3.rel1.linux64_1.0.100.202509120712/tools/bin/../lib/gcc/arm-none-eabi/13.3.1/thumb/v7e-m+fp/hard/crti.o
LOAD /home/james/st/stm32cubeide_2.0.0/plugins/com.st.stm32cube.ide.mcu.externaltools.gnu-tools-for-stm32.13.3.rel1.linux64_1.0.100.202509120712/tools/bin/../lib/gcc/arm-none-eabi/13.3.1/thumb/v7e-m+fp/hard/crtbegin.o
LOAD /home/james/st/stm32cubeide_2.0.0/plugins/com.st.stm32cube.ide.mcu.externaltools.gnu-tools-for-stm32.13.3.rel1.linux64_1.0.100.202509120712/tools/bin/../lib/gcc/arm-none-eabi/13.3.1/../../../../arm-none-eabi/lib/thumb/v7e-m+fp/hard/crt0.o
LOAD ./Src/bme280_driver.o
LOAD ./Src/bme280_processing.o
LOAD ./Src/i2c.o
LOAD ./Src/main.o
LOAD ./Src/syscalls.o
LOAD ./Src/sysmem.o
LOAD ./Src/usart.o
LOAD ./Startup/startup_stm32f401retx.o
START GROUP
LOAD /home/james/st/stm32cubeide_2.0.0/plugins/com.st.stm32cube.ide.mcu.externaltools.gnu-tools-for-stm32.13.3.rel1.linux64_1.0.100.202509120712/tools/bin/../lib/gcc/arm-none-eabi/13.3.1/../../../../arm-none-eabi/lib/thumb/v7e-m+fp/hard/libc_nano.a
LOAD /home/james/st/stm32cubeide_2.0.0/plugins/com.st.stm32cube.ide.mcu.externaltools.gnu-tools-for-stm32.13.3.rel1.linux64_1.0.100.202509120712/tools/bin/../lib/gcc/arm-none-eabi/13.3.1/../../../../arm-none-eabi/lib/thumb/v7e-m+fp/hard/libm.a
END GROUP
START GROUP
LOAD /home/james/st/stm32cubeide_2.0.0/plugins/com.st.stm32cube.ide.mcu.externaltools.gnu-tools-for-stm32.13.3.rel1.linux64_1.0.100.202509120712/tools/bin/../lib/gcc/arm-none-eabi/13.3.1/thumb/v7e-m+fp/hard/libgcc.a
LOAD /home/james/st/stm32cubeide_2.0.0/plugins/com.st.stm32cube.ide.mcu.externaltools.gnu-tools-for-stm32.13.3.rel1.linux64_1.0.100.202509120712/tools/bin/../lib/gcc/arm-none-eabi/13.3.1/../../../../arm-none-eabi/lib/thumb/v7e-m+fp/hard/libc_nano.a
END GROUP
START GROUP
LOAD /home/james/st/stm32cubeide_2.0.0/plugins/com.st.stm32cube.ide.mcu.externaltools.gnu-tools-for-stm32.13.3.rel1.linux64_1.0.100.202509120712/tools/bin/../lib/gcc/arm-none-eabi/13.3.1/thumb/v7e-m+fp/hard/libgcc.a
LOAD /home/james/st/stm32cubeide_2.0.0/plugins/com.st.stm32cube.ide.mcu.externaltools.gnu-tools-for-stm32.13.3.rel1.linux64_1.0.100.202509120712/tools/bin/../lib/gcc/arm-none-eabi/13.3.1/../../../../arm-none-eabi/lib/thumb/v7e-m+fp/hard/libc_nano.a
LOAD /home/james/st/stm32cubeide_2.0.0/plugins/com.st.stm32cube.ide.mcu.externaltools.gnu-tools-for-stm32.13.3.rel1.linux64_1.0.100.202509120712/tools/bin/../lib/gcc/arm-none-eabi/13.3.1/../../../../arm-none-eabi/lib/thumb/v7e-m+fp/hard/libnosys.a
END GROUP
START GROUP
LOAD /home/james/st/stm32cubeide_2.0.0/plugins/com.st.stm32cube.ide.mcu.externaltools.gnu-tools-for-stm32.13.3.rel1.linux64_1.0.100.202509120712/tools/bin/../lib/gcc/arm-none-eabi/13.3.1/thumb/v7e-m+fp/hard/libgcc.a
LOAD /home/james/st/stm32cubeide_2.0.0/plugins/com.st.stm32cube.ide.mcu.externaltools.gnu-tools-for-stm32.13.3.rel1.linux64_1.0.100.202509120712/tools/bin/../lib/gcc/arm-none-eabi/13.3.1/../../../../arm-none-eabi/lib/thumb/v7e-m+fp/hard/libc_nano.a
LOAD /home/james/st/stm32cubeide_2.0.0/plugins/com.st.stm32cube.ide.mcu.externaltools.gnu-tools-for-stm32.13.3.rel1.linux64_1.0.100.202509120712/tools/bin/../lib/gcc/arm-none-eabi/13.3.1/../../../../arm-none-eabi/lib/thumb/v7e-m+fp/hard/libnosys.a
END GROUP
LOAD /home/james/st/stm32cubeide_2.0.0/plugins/com.st.stm32cube.ide.mcu.externaltools.gnu-tools-for-stm32.13.3.rel1.linux64_1.0.100.202509120712/tools/bin/../lib/gcc/arm-none-eabi/13.3.1/thumb/v7e-m+fp/hard/crtend.o
LOAD /home/james/st/stm32cubeide_2.0.0/plugins/com.st.stm32cube.ide.mcu.externaltools.gnu-tools-for-stm32.13.3.rel1.linux64_1.0.100.202509120712/tools/bin/../lib/gcc/arm-none-eabi/13.3.1/thumb/v7e-m+fp/hard/crtn.o
                0x20018000                        _estack = (ORIGIN (RAM) + LENGTH (RAM))
                0x00000200                        _Min_Heap_Size = 0x200
                0x00000400                        _Min_Stack_Size = 0x400

.isr_vector     0x08000000      0x194
                0x08000000                        . = ALIGN (0x4)
 *(.isr_vector)
 .isr_vector    0x08000000      0x194 ./Startup/startup_stm32f401retx.o
                0x08000000                g_pfnVectors
                0x08000194                        . = ALIGN (0x4)

.text           0x08000194      0x5a8
                0x08000194                        . = ALIGN (0x4)
 *(.text)
 .text          0x08000194       0x40 /home/james/st/stm32cubeide_2.0.0/plugins/com.st.stm32cube.ide.mcu.externaltools.gnu-tools-for-stm32.13.3.rel1.linux64_1.0.100.202509120712/tools/bin/../lib/gcc/arm-none-eabi/13.3.1/thumb/v7e-m+fp/hard/crtbegin.o
 *(.text*)
 .text.main     0x080001d4       0x18 ./Src/main.o
                0x080001d4                main
 .text.__NVIC_EnableIRQ
                0x080001ec       0x3c ./Src/usart.o
 .text.__NVIC_DisableIRQ
                0x08000228       0x48 ./Src/usart.o
 .text.__NVIC_ClearPendingIRQ
                0x08000270       0x3c ./Src/usart.o
 .text.__NVIC_SetPriority
                0x080002ac       0x54 ./Src/usart.o
 .text.usart2_init
                0x08000300       0x18 ./Src/usart.o
                0x08000300                usart2_init
 .text.usart2_write_bytes
                0x08000318       0xf8 ./Src/usart.o
                0x08000318                usart2_write_bytes
 .text.USART2_IRQHandler
                0x08000410       0x8c ./Src/usart.o
                0x08000410                USART2_IRQHandler
 .text.usart2_clock_init
                0x0800049c       0x34 ./Src/usart.o
 .text.usart2_gpio_init
                0x080004d0       0xbc ./Src/usart.o
 .text.usart2_configure
                0x0800058c       0xb0 ./Src/usart.o
 .text.usart2_irq_init
                0x0800063c       0x4c ./Src/usart.o
 .text.Reset_Handler
                0x08000688       0x50 ./Startup/startup_stm32f401retx.o
                0x08000688                Reset_Handler
 .text.Default_Handler
                0x080006d8        0x2 ./Startup/startup_stm32f401retx.o
                0x080006d8                EXTI2_IRQHandler
                0x080006d8                DebugMon_Handler
                0x080006d8                SPI4_IRQHandler
                0x080006d8                TIM1_CC_IRQHandler
                0x080006d8                DMA2_Stream5_IRQHandler
                0x080006d8                HardFault_Handler
                0x080006d8                DMA1_Stream5_IRQHandler
                0x080006d8                SysTick_Handler
                0x080006d8                SDIO_IRQHandler
                0x080006d8                TAMP_STAMP_IRQHandler
                0x080006d8                PendSV_Handler
                0x080006d8                NMI_Handler
                0x080006d8                EXTI3_IRQHandler
                0x080006d8                TIM1_UP_TIM10_IRQHandler
                0x080006d8                I2C3_ER_IRQHandler
                0x080006d8                EXTI18_OTG_FS_WKUP_IRQHandler
                0x080006d8                EXTI0_IRQHandler
                0x080006d8                I2C2_EV_IRQHandler
                0x080006d8                DMA1_Stream2_IRQHandler
                0x080006d8                UsageFault_Handler
                0x080006d8                DMA2_Stream2_IRQHandler
                0x080006d8                SPI1_IRQHandler
                0x080006d8                TIM1_BRK_TIM9_IRQHandler
                0x080006d8                DMA2_Stream3_IRQHandler
                0x080006d8                USART6_IRQHandler
                0x080006d8                DMA2_Stream0_IRQHandler
                0x080006d8                TIM4_IRQHandler
                0x080006d8                I2C1_EV_IRQHandler
                0x080006d8                DMA1_Stream6_IRQHandler
                0x080006d8                DMA1_Stream1_IRQHandler
                0x080006d8                TIM3_IRQHandler
                0x080006d8                RCC_IRQHandler
                0x080006d8                Default_Handler
                0x080006d8                EXTI15_10_IRQHandler
                0x080006d8                ADC_IRQHandler
                0x080006d8                DMA1_Stream7_IRQHandler
                0x080006d8                TIM5_IRQHandler
                0x080006d8                DMA2_Stream7_IRQHandler
                0x080006d8                I2C3_EV_IRQHandler
                0x080006d8                EXTI9_5_IRQHandler
                0x080006d8                SPI2_IRQHandler
                0x080006d8                MemManage_Handler
                0x080006d8                DMA1_Stream0_IRQHandler
                0x080006d8                SVC_Handler
                0x080006d8                EXTI4_IRQHandler
                0x080006d8                EXTI22_RTC_WKUP_IRQHandler
                0x080006d8                TIM2_IRQHandler
                0x080006d8                EXTI16_PVD_IRQHandler
                0x080006d8                TIM1_TRG_COM_TIM11_IRQHandler
                0x080006d8                EXTI1_IRQHandler
                0x080006d8                EXTI17_RTC_Alarm_IRQHandler
                0x080006d8                I2C2_ER_IRQHandler
                0x080006d8                DMA2_Stream1_IRQHandler
                0x080006d8                FLASH_IRQHandler
                0x080006d8                DMA2_Stream4_IRQHandler
                0x080006d8                BusFault_Handler
                0x080006d8                USART1_IRQHandler
                0x080006d8                OTG_FS_IRQHandler
                0x080006d8                SPI3_IRQHandler
                0x080006d8                DMA1_Stream4_IRQHandler
                0x080006d8                I2C1_ER_IRQHandler
                0x080006d8                DMA2_Stream6_IRQHandler
                0x080006d8                DMA1_Stream3_IRQHandler
 *fill*         0x080006da        0x2 
 .text.__libc_init_array
                0x080006dc       0x48 /home/james/st/stm32cubeide_2.0.0/plugins/com.st.stm32cube.ide.mcu.externaltools.gnu-tools-for-stm32.13.3.rel1.linux64_1.0.100.202509120712/tools/bin/../lib/gcc/arm-none-eabi/13.3.1/../../../../arm-none-eabi/lib/thumb/v7e-m+fp/hard/libc_nano.a(libc_a-init.o)
                0x080006dc                __libc_init_array
 *(.glue_7)
 .glue_7        0x08000724        0x0 linker stubs
 *(.glue_7t)
 .glue_7t       0x08000724        0x0 linker stubs
 *(.eh_frame)
 .eh_frame      0x08000724        0x0 /home/james/st/stm32cubeide_2.0.0/plugins/com.st.stm32cube.ide.mcu.externaltools.gnu-tools-for-stm32.13.3.rel1.linux64_1.0.100.202509120712/tools/bin/../lib/gcc/arm-none-eabi/13.3.1/thumb/v7e-m+fp/hard/crtbegin.o
 *(.init)
 .init          0x08000724        0x4 /home/james/st/stm32cubeide_2.0.0/plugins/com.st.stm32cube.ide.mcu.externaltools.gnu-tools-for-stm32.13.3.rel1.linux64_1.0.100.202509120712/tools/bin/../lib/gcc/arm-none-eabi/13.3.1/thumb/v7e-m+fp/hard/crti.o
                0x08000724                _init
 .init          0x08000728        0x8 /home/james/st/stm32cubeide_2.0.0/plugins/com.st.stm32cube.ide.mcu.externaltools.gnu-tools-for-stm32.13.3.rel1.linux64_1.0.100.202509120712/tools/bin/../lib/gcc/arm-none-eabi/13.3.1/thumb/v7e-m+fp/hard/crtn.o
 *(.fini)
 .fini          0x08000730        0x4 /home/james/st/stm32cubeide_2.0.0/plugins/com.st.stm32cube.ide.mcu.externaltools.gnu-tools-for-stm32.13.3.rel1.linux64_1.0.100.202509120712/tools/bin/../lib/gcc/arm-none-eabi/13.3.1/thumb/v7e-m+fp/hard/crti.o
                0x08000730                _fini
 .fini          0x08000734        0x8 /home/james/st/stm32cubeide_2.0.0/plugins/com.st.stm32cube.ide.mcu.externaltools.gnu-tools-for-stm32.13.3.rel1.linux64_1.0.100.202509120712/tools/bin/../lib/gcc/arm-none-eabi/13.3.1/thumb/v7e-m+fp/hard/crtn.o
                0x0800073c                        . = ALIGN (0x4)
                0x0800073c                        _etext = .

.vfp11_veneer   0x0800073c        0x0
 .vfp11_veneer  0x0800073c        0x0 linker stubs

.v4_bx          0x0800073c        0x0
 .v4_bx         0x0800073c        0x0 linker stubs

.iplt           0x0800073c        0x0
 .iplt          0x0800073c        0x0 /home/james/st/stm32cubeide_2.0.0/plugins/com.st.stm32cube.ide.mcu.externaltools.gnu-tools-for-stm32.13.3.rel1.linux64_1.0.100.202509120712/tools/bin/../lib/gcc/arm-none-eabi/13.3.1/thumb/v7e-m+fp/hard/crtbegin.o

.rodata         0x0800073c        0xc
                0x0800073c                        . = ALIGN (0x4)
 *(.rodata)
 .rodata        0x0800073c        0xa ./Src/main.o
 *(.rodata*)
                0x08000748                        . = ALIGN (0x4)
 *fill*         0x08000746        0x2 

.ARM.extab      0x08000748        0x0
                0x08000748                        . = ALIGN (0x4)
 *(.ARM.extab* .gnu.linkonce.armextab.*)
                0x08000748                        . = ALIGN (0x4)

.ARM            0x08000748        0x0
                0x08000748                        . = ALIGN (0x4)
                0x08000748                        __exidx_start = .
 *(.ARM.exidx*)
                0x08000748                        __exidx_end = .
                0x08000748                        . = ALIGN (0x4)

.preinit_array  0x08000748        0x0
                0x08000748                        . = ALIGN (0x4)
                0x08000748                        PROVIDE (__preinit_array_start = .)
 *(.preinit_array*)
                0x08000748                        PROVIDE (__preinit_array_end = .)
                0x08000748                        . = ALIGN (0x4)

.init_array     0x08000748        0x4
                0x08000748                        . = ALIGN (0x4)
                0x08000748                        PROVIDE (__init_array_start = .)
 *(SORT_BY_NAME(.init_array.*))
 *(.init_array*)
 .init_array    0x08000748        0x4 /home/james/st/stm32cubeide_2.0.0/plugins/com.st.stm32cube.ide.mcu.externaltools.gnu-tools-for-stm32.13.3.rel1.linux64_1.0.100.202509120712/tools/bin/../lib/gcc/arm-none-eabi/13.3.1/thumb/v7e-m+fp/hard/crtbegin.o
                0x0800074c                        PROVIDE (__init_array_end = .)
                0x0800074c                        . = ALIGN (0x4)

.fini_array     0x0800074c        0x4
                0x0800074c                        . = ALIGN (0x4)
                [!provide]                        PROVIDE (__fini_array_start = .)
 *(SORT_BY_NAME(.fini_array.*))
 *(.fini_array*)
 .fini_array    0x0800074c        0x4 /home/james/st/stm32cubeide_2.0.0/plugins/com.st.stm32cube.ide.mcu.externaltools.gnu-tools-for-stm32.13.3.rel1.linux64_1.0.100.202509120712/tools/bin/../lib/gcc/arm-none-eabi/13.3.1/thumb/v7e-m+fp/hard/crtbegin.o
                [!provide]                        PROVIDE (__fini_array_end = .)
                0x08000750                        . = ALIGN (0x4)
                0x08000750                        _sidata = LOADADDR (.data)

.rel.dyn        0x08000750        0x0
 .rel.iplt      0x08000750        0x0 /home/james/st/stm32cubeide_2.0.0/plugins/com.st.stm32cube.ide.mcu.externaltools.gnu-tools-for-stm32.13.3.rel1.linux64_1.0.100.202509120712/tools/bin/../lib/gcc/arm-none-eabi/13.3.1/thumb/v7e-m+fp/hard/crtbegin.o

.data           0x20000000        0x0 load address 0x08000750
                0x20000000                        . = ALIGN (0x4)
                0x20000000                        _sdata = .
 *(.data)
 *(.data*)
 *(.RamFunc)
 *(.RamFunc*)
                0x20000000                        . = ALIGN (0x4)
                0x20000000                        _edata = .

.igot.plt       0x20000000        0x0 load address 0x08000750
 .igot.plt      0x20000000        0x0 /home/james/st/stm32cubeide_2.0.0/plugins/com.st.stm32cube.ide.mcu.externaltools.gnu-tools-for-stm32.13.3.rel1.linux64_1.0.100.202509120712/tools/bin/../lib/gcc/arm-none-eabi/13.3.1/thumb/v7e-m+fp/hard/crtbegin.o
                0x20000000                        . = ALIGN (0x4)

.bss            0x20000000      0x124 load address 0x08000750
                0x20000000                        _sbss = .
                0x20000000                        __bss_start__ = _sbss
 *(.bss)
 .bss           0x20000000       0x1c /home/james/st/stm32cubeide_2.0.0/plugins/com.st.stm32cube.ide.mcu.externaltools.gnu-tools-for-stm32.13.3.rel1.linux64_1.0.100.202509120712/tools/bin/../lib/gcc/arm-none-eabi/13.3.1/thumb/v7e-m+fp/hard/crtbegin.o
 *(.bss*)
 .bss.tx_buf    0x2000001c      0x100 ./Src/usart.o
 .bss.head      0x2000011c        0x2 ./Src/usart.o
 .bss.tail      0x2000011e        0x2 ./Src/usart.o
 .bss.tx_active
                0x20000120        0x1 ./Src/usart.o
 *(COMMON)
                0x20000124                        . = ALIGN (0x4)
 *fill*         0x20000121        0x3 
                0x20000124                        _ebss = .
                0x20000124                        __bss_end__ = _ebss

._user_heap_stack
                0x20000124      0x604 load address 0x08000750
                0x20000128                        . = ALIGN (0x8)
 *fill*         0x20000124        0x4 
                [!provide]                        PROVIDE (end = .)
                0x20000128                        PROVIDE (_end = .)
                0x20000328                        . = (. + _Min_Heap_Size)
 *fill*         0x20000128      0x200 
                0x20000728                        . = (. + _Min_Stack_Size)
 *fill*         0x20000328      0x400 
                0x20000728                        . = ALIGN (0x8)

/DISCARD/
 libc.a(*)
 libm.a(*)
 libgcc.a(*)

.ARM.attributes
                0x00000000       0x30
 *(.ARM.attributes)
 .ARM.attributes
                0x00000000       0x22 /home/james/st/stm32cubeide_2.0.0/plugins/com.st.stm32cube.ide.mcu.externaltools.gnu-tools-for-stm32.13.3.rel1.linux64_1.0.100.202509120712/tools/bin/../lib/gcc/arm-none-eabi/13.3.1/thumb/v7e-m+fp/hard/crti.o
 .ARM.attributes
                0x00000022       0x34 /home/james/st/stm32cubeide_2.0.0/plugins/com.st.stm32cube.ide.mcu.externaltools.gnu-tools-for-stm32.13.3.rel1.linux64_1.0.100.202509120712/tools/bin/../lib/gcc/arm-none-eabi/13.3.1/thumb/v7e-m+fp/hard/crtbegin.o
 .ARM.attributes
                0x00000056       0x34 ./Src/main.o
 .ARM.attributes
                0x0000008a       0x34 ./Src/usart.o
 .ARM.attributes
                0x000000be       0x21 ./Startup/startup_stm32f401retx.o
 .ARM.attributes
                0x000000df       0x34 /home/james/st/stm32cubeide_2.0.0/plugins/com.st.stm32cube.ide.mcu.externaltools.gnu-tools-for-stm32.13.3.rel1.linux64_1.0.100.202509120712/tools/bin/../lib/gcc/arm-none-eabi/13.3.1/../../../../arm-none-eabi/lib/thumb/v7e-m+fp/hard/libc_nano.a(libc_a-init.o)
 .ARM.attributes
                0x00000113       0x22 /home/james/st/stm32cubeide_2.0.0/plugins/com.st.stm32cube.ide.mcu.externaltools.gnu-tools-for-stm32.13.3.rel1.linux64_1.0.100.202509120712/tools/bin/../lib/gcc/arm-none-eabi/13.3.1/thumb/v7e-m+fp/hard/crtn.o
OUTPUT(STM32F4_BME280.elf elf32-littlearm)
LOAD linker stubs
LOAD /home/james/st/stm32cubeide_2.0.0/plugins/com.st.stm32cube.ide.mcu.externaltools.gnu-tools-for-stm32.13.3.rel1.linux64_1.0.100.202509120712/tools/bin/../lib/gcc/arm-none-eabi/13.3.1/../../../../arm-none-eabi/lib/thumb/v7e-m+fp/hard/libc.a
LOAD /home/james/st/stm32cubeide_2.0.0/plugins/com.st.stm32cube.ide.mcu.externaltools.gnu-tools-for-stm32.13.3.rel1.linux64_1.0.100.202509120712/tools/bin/../lib/gcc/arm-none-eabi/13.3.1/../../../../arm-none-eabi/lib/thumb/v7e-m+fp/hard/libm.a
LOAD /home/james/st/stm32cubeide_2.0.0/plugins/com.st.stm32cube.ide.mcu.externaltools.gnu-tools-for-stm32.13.3.rel1.linux64_1.0.100.202509120712/tools/bin/../lib/gcc/arm-none-eabi/13.3.1/thumb/v7e-m+fp/hard/libgcc.a

.debug_info     0x00000000      0xc3d
 .debug_info    0x00000000      0x119 ./Src/main.o
 .debug_info    0x00000119      0xaf4 ./Src/usart.o
 .debug_info    0x00000c0d       0x30 ./Startup/startup_stm32f401retx.o

.debug_abbrev   0x00000000      0x30c
 .debug_abbrev  0x00000000       0xb8 ./Src/main.o
 .debug_abbrev  0x000000b8      0x230 ./Src/usart.o
 .debug_abbrev  0x000002e8       0x24 ./Startup/startup_stm32f401retx.o

.debug_aranges  0x00000000       0xb8
 .debug_aranges
                0x00000000       0x20 ./Src/main.o
 .debug_aranges
                0x00000020       0x70 ./Src/usart.o
 .debug_aranges
                0x00000090       0x28 ./Startup/startup_stm32f401retx.o

.debug_rnglists
                0x00000000       0x7f
 .debug_rnglists
                0x00000000       0x13 ./Src/main.o
 .debug_rnglists
                0x00000013       0x53 ./Src/usart.o
 .debug_rnglists
                0x00000066       0x19 ./Startup/startup_stm32f401retx.o

.debug_macro    0x00000000     0xd2c4
 .debug_macro   0x00000000       0xd2 ./Src/main.o
 .debug_macro   0x000000d2       0x22 ./Src/main.o
 .debug_macro   0x000000f4       0x8e ./Src/main.o
 .debug_macro   0x00000182       0x51 ./Src/main.o
 .debug_macro   0x000001d3      0x103 ./Src/main.o
 .debug_macro   0x000002d6       0x6a ./Src/main.o
 .debug_macro   0x00000340      0x1df ./Src/main.o
 .debug_macro   0x0000051f       0x28 ./Src/main.o
 .debug_macro   0x00000547       0x1c ./Src/main.o
 .debug_macro   0x00000563       0x22 ./Src/main.o
 .debug_macro   0x00000585       0xfb ./Src/main.o
 .debug_macro   0x00000680     0x1011 ./Src/main.o
 .debug_macro   0x00001691      0x11f ./Src/main.o
 .debug_macro   0x000017b0     0xb881 ./Src/main.o
 .debug_macro   0x0000d031      0x190 ./Src/main.o
 .debug_macro   0x0000d1c1       0xdb ./Src/usart.o
 .debug_macro   0x0000d29c       0x28 ./Src/usart.o

.debug_line     0x00000000      0xc2d
 .debug_line    0x00000000      0x448 ./Src/main.o
 .debug_line    0x00000448      0x76a ./Src/usart.o
 .debug_line    0x00000bb2       0x7b ./Startup/startup_stm32f401retx.o

.debug_str      0x00000000    0x4fa52
 .debug_str     0x00000000    0x4fa52 ./Src/main.o
                              0x4f516 (size before relaxing)
 .debug_str     0x0004fa52        0x0 ./Src/usart.o
                              0x4fc4a (size before relaxing)
 .debug_str     0x0004fa52        0x0 ./Startup/startup_stm32f401retx.o
                                 0x7d (size before relaxing)

.comment        0x00000000       0x43
 .comment       0x00000000       0x43 ./Src/main.o
                                 0x44 (size before relaxing)
 .comment       0x00000043        0x0 ./Src/usart.o
                                 0x44 (size before relaxing)

.debug_frame    0x00000000      0x1ec
 .debug_frame   0x00000000       0x2c ./Src/main.o
 .debug_frame   0x0000002c      0x194 ./Src/usart.o
 .debug_frame   0x000001c0       0x2c /home/james/st/stm32cubeide_2.0.0/plugins/com.st.stm32cube.ide.mcu.externaltools.gnu-tools-for-stm32.13.3.rel1.linux64_1.0.100.202509120712/tools/bin/../lib/gcc/arm-none-eabi/13.3.1/../../../../arm-none-eabi/lib/thumb/v7e-m+fp/hard/libc_nano.a(libc_a-init.o)

.debug_line_str
                0x00000000       0x61
 .debug_line_str
                0x00000000       0x61 ./Startup/startup_stm32f401retx.o
