../Drivers/CMSIS/Include/core_cm4.h:1684:22:__NVIC_EnableIRQ	16	static,ignoring_inline_asm
../Drivers/CMSIS/Include/core_cm4.h:1703:26:__NVIC_GetEnableIRQ	16	static
../Drivers/CMSIS/Include/core_cm4.h:1722:22:__NVIC_DisableIRQ	16	static,ignoring_inline_asm
../Drivers/CMSIS/Include/core_cm4.h:1775:22:__NVIC_ClearPendingIRQ	16	static
../Drivers/CMSIS/Include/core_cm4.h:1814:22:__NVIC_SetPriority	16	static
../Src/usart.c:39:6:usart2_init	8	static
../Src/usart.c:46:16:usart2_write_bytes	32	static
../Src/usart.c:81:6:USART2_IRQHandler	4	static
../Src/usart.c:98:13:usart2_clock_init	4	static
../Src/usart.c:107:13:usart2_gpio_init	4	static
../Src/usart.c:129:13:usart2_configure	32	static
../Src/usart.c:156:13:usart2_irq_init	8	static
